// Jest Snapshot v1, https://goo.gl/fbAQLP

exports[`Navi matches the snapshot 1`] = `
<div
  className="navmenu-container"
>
  <div
    className="navmenu-btns"
  >
    <a
      className="btn-link"
      href="#home"
      onClick={[Function]}
    >
      <button
        className="btn-std btn-hvr btn-nav"
        onClick={null}
        onMouseOut={undefined}
        onMouseOver={undefined}
        type={undefined}
      >
        Home
      </button>
    </a>
    <a
      className="btn-link"
      href="#about"
      onClick={[Function]}
    >
      <button
        className="btn-std btn-hvr btn-nav"
        onClick={null}
        onMouseOut={undefined}
        onMouseOver={undefined}
        type={undefined}
      >
        About
      </button>
    </a>
    <a
      className="btn-link"
      href="#work"
      onClick={[Function]}
    >
      <button
        className="btn-std btn-hvr btn-nav"
        onClick={null}
        onMouseOut={undefined}
        onMouseOver={undefined}
        type={undefined}
      >
        Work
      </button>
    </a>
    <a
      className="btn-link"
      href="#projects"
      onClick={[Function]}
    >
      <button
        className="btn-std btn-hvr btn-nav"
        onClick={null}
        onMouseOut={undefined}
        onMouseOver={undefined}
        type={undefined}
      >
        Projects
      </button>
    </a>
    <a
      className="btn-link"
      href="#contact"
      onClick={[Function]}
    >
      <button
        className="btn-std btn-hvr btn-nav"
        onClick={null}
        onMouseOut={undefined}
        onMouseOver={undefined}
        type={undefined}
      >
        Contact
      </button>
    </a>
  </div>
  <div
    className="navmenu-horzline"
  />
  <div
    className="navmenu-contact-links"
  >
    <div>
      <div
        className="navcontacts-container"
      >
        <div
          className="ncitem-container"
        >
          <a
            href="https://www.linkedin.com/in/brian-harris-b875995"
          >
            <div
              className="ncitem-reveal"
            >
              <img
                alt="IMG"
                src="nav-linkedin-hover.svg"
              />
            </div>
            <div
              className="ncitem-overlay"
            >
              <img
                alt="IMG"
                src="nav-linkedin.svg"
              />
            </div>
          </a>
        </div>
        <div
          className="ncitem-container"
        >
          <a
            href="https://github.com/BrianMHarris"
          >
            <div
              className="ncitem-reveal"
            >
              <img
                alt="IMG"
                src="nav-github-hover.svg"
              />
            </div>
            <div
              className="ncitem-overlay"
            >
              <img
                alt="IMG"
                src="nav-github.svg"
              />
            </div>
          </a>
        </div>
      </div>
    </div>
  </div>
</div>
`;
